C3 0 2
E5 0 1
C5 1 1
G4 2 1
C3 3 2
E5 3 1
C5 4 1
G4 5 1
B2 6 2
D5 6 0.5
G3 6 2
E5 6.5 0.5
F5 7 0.5
D5 7.5 0.5
C5 8 0.5
G2 8 1
B4 8.5 0.5
C3 9 2
C5 9 0.5
E3 9 2
B4 9.5 0.5
C5 10 0.5
E5 10.5 0.5
G4 11 1
C3 12 2
F#5 12 1
A5 13 0.5
F#5 13.5 0.5
D5 14 0.5
F#5 14.5 0.5
B2 15 1
D3 15 1
G5 15 0.5
F#5 15.5 0.5
B2 16 1
D3 16 1
G5 16 0.5
B5 16.5 0.5
B2 17 1
D5 17 1
G3 17 1
C3 18 1
E5 18 0.5
C5 18.5 0.5
B4 19 0.5
D3 19 1
A4 19.5 0.5
D2 20 1
G4 20 0.5
F#4 20.5 0.5
B4 21 2
D5 21 2
G2 21 1
G4 21 2
G5 21 2
G3 22 0.5
F3 22.5 0.5
E3 23 0.5
D3 23.5 0.5
D3 24 2
F#5 24 1
A5 25 0.5
F#5 25.5 0.5
C3 26 1
D5 26 0.5
F#5 26.5 0.5
B2 27 2
G3 27 2
G5 27 1
B5 28 0.5
G5 28.5 0.5
D5 29 1
C3 30 0.5
C5 30 1
E5 30 1
E3 30.5 0.5
C5 31 1
E5 31 1
G3 31 0.5
E3 31.5 0.5
C4 32 0.5
C5 32 1
E5 32 1
C3 32.5 0.5
C5 33 1
E5 33 1
G3 33 2
B4 34 1
D5 34 1
G2 35 1
C3 36 0.5
E3 36 0.5
E5 36 1
G3 36.5 0.5
C3 37 0.5
C5 37 1
E3 37 0.5
G3 37.5 0.5
C3 38 0.5
E3 38 0.5
G4 38 1
G3 38.5 0.5
C3 39 0.5
E3 39 0.5
E5 39 1
G3 39.5 0.5
C3 40 0.5
C5 40 1
E3 40 0.5
G3 40.5 0.5
C3 41 0.5
E3 41 0.5
G4 41 1
G3 41.5 0.5
A3 42 2
D5 42 0.5
F3 42 2
F5 42.5 0.5
D5 43 0.5
F5 43.5 0.5
B4 44 0.5
D4 44 1
G3 44 1
D5 44.5 0.5
C3 45 1
C5 45 2
G2 46 1
C2 47 1