A5 525 0.5
B2 525 2
D3 525 2
G5 525.5 0.5
B5 526 0.5
G5 526.5 0.5
B2 527 1
D3 527 1
D5 527 0.5
G5 527.5 0.5