A5 15 0.5
B2 15 2
D3 15 2
G5 15.5 0.5
B5 16 0.5
G5 16.5 0.5
B2 17 1
D3 17 1
D5 17 0.5
G5 17.5 0.5