C3 0 2
E5 0 1
C5 1 1
G4 2 1
A5 3 0.5
B2 3 2
D3 3 2
G5 3.5 0.5
B5 4 0.5
G5 4.5 0.5
B2 5 1
D3 5 1
D5 5 0.5
G5 5.5 0.5
F3 6 1
F5 6 1
D3 7 1
D5 7 1
G3 8 1
G5 8 1