C3 0 2
E3 0 2
G5 0 1
C5 1 1
E5 2 1
C3 3 2
E3 3 2
G5 3 1
C5 4 1
C3 5 1
E5 5 1
G3 5 1
B2 6 2
D5 6 1
B4 7 1
G4 8 1
C5 9 1
E3 9 2
G3 9 2
E5 10 0.5
C5 10.5 0.5
G5 11 1
C3 12 1
D3 12 1
F#5 12 1
C3 13 1
D3 13 1
F#5 13 0.5
D5 13.5 0.5
A5 14 1
C3 14 1
D3 14 1
B2 15 2
D3 15 2
G5 15 1
G5 16 0.5
D5 16.5 0.5
B5 17 1
C3 18 1
E5 18 0.5
C6 18.5 0.5
B5 19 0.5
D3 19 1
G5 19.5 0.5
A5 20 0.5
D2 20 1
F#5 20.5 0.5
B4 21 2
D5 21 2
G2 21 1
G4 21 2
G5 21 2
G3 22 0.5
F3 22.5 0.5
E3 23 0.5
D3 23.5 0.5
A3 24 2
C3 24 2
F#5 24 0.5
D5 24.5 0.5
A5 25 1
A3 26 1
C3 26 1
F#5 26 1
G2 27 0.5
G5 27 1
B2 27.5 0.5
D5 28 2
G3 28 1
B2 29 1
C3 30 2
E5 30 0.5
G3 30 2
C5 30.5 0.5
G4 31 1
C3 32 1
E5 32 1
G3 32 1
D5 33 1
G3 33 0.5
F#3 33.5 0.5
G3 34 0.5
G4 34 2
D3 34.5 0.5
B2 35 0.5
G2 35.5 0.5
C3 36 0.5
E3 36 0.5
G5 36 1
G3 36.5 0.5
C3 37 0.5
C5 37 1
E3 37 0.5
G3 37.5 0.5
C3 38 0.5
E3 38 0.5
E5 38 1
G3 38.5 0.5
C3 39 0.5
E3 39 0.5
G5 39 1
G3 39.5 0.5
C3 40 0.5
C5 40 1
E3 40 0.5
G3 40.5 0.5
C3 41 0.5
E3 41 0.5
E5 41 1
G3 41.5 0.5
F3 42 2
F5 42 0.5
A5 42.5 0.5
A4 43 1
B4 44 0.5
G3 44 1
D5 44.5 0.5
C3 45 2
C5 45 1
C4 46 1
C2 47 1