Measure #[0] = 3
Measure #[1] = 87
Measure #[2] = 165
Measure #[3] = 61
Measure #[4] = 135
Measure #[5] = 47
Measure #[6] = 147
Measure #[7] = 33
Measure #[8] = 102
Measure #[9] = 4
Measure #[10] = 31
Measure #[11] = 164
Measure #[12] = 144
Measure #[13] = 59
Measure #[14] = 173
Measure #[15] = 78
